// Jest Snapshot v1, https://goo.gl/fbAQLP

exports[`Moons should match the snapshot 1`] = `
ShallowWrapper {
  "length": 1,
  Symbol(enzyme.__root__): [Circular],
  Symbol(enzyme.__unrendered__): <Unknown
    phase={
        Object {
            "date": "2018-04-22",
            "name": "first quarter",
          }
    }
/>,
  Symbol(enzyme.__renderer__): Object {
    "batchedUpdates": [Function],
    "getNode": [Function],
    "render": [Function],
    "simulateEvent": [Function],
    "unmount": [Function],
  },
  Symbol(enzyme.__node__): Object {
    "instance": null,
    "key": undefined,
    "nodeType": "host",
    "props": Object {
      "children": Array [
        false,
        false,
        false,
        false,
        <h3
          className="phase-name"
>
          first quarter
</h3>,
        <p
          className="phase-date"
>
          on 
          2018-04-22
</p>,
      ],
      "className": "Mooncake",
    },
    "ref": null,
    "rendered": Array [
      false,
      false,
      false,
      false,
      Object {
        "instance": null,
        "key": undefined,
        "nodeType": "host",
        "props": Object {
          "children": "first quarter",
          "className": "phase-name",
        },
        "ref": null,
        "rendered": "first quarter",
        "type": "h3",
      },
      Object {
        "instance": null,
        "key": undefined,
        "nodeType": "host",
        "props": Object {
          "children": Array [
            "on ",
            "2018-04-22",
          ],
          "className": "phase-date",
        },
        "ref": null,
        "rendered": Array [
          "on ",
          "2018-04-22",
        ],
        "type": "p",
      },
    ],
    "type": "div",
  },
  Symbol(enzyme.__nodes__): Array [
    Object {
      "instance": null,
      "key": undefined,
      "nodeType": "host",
      "props": Object {
        "children": Array [
          false,
          false,
          false,
          false,
          <h3
            className="phase-name"
>
            first quarter
</h3>,
          <p
            className="phase-date"
>
            on 
            2018-04-22
</p>,
        ],
        "className": "Mooncake",
      },
      "ref": null,
      "rendered": Array [
        false,
        false,
        false,
        false,
        Object {
          "instance": null,
          "key": undefined,
          "nodeType": "host",
          "props": Object {
            "children": "first quarter",
            "className": "phase-name",
          },
          "ref": null,
          "rendered": "first quarter",
          "type": "h3",
        },
        Object {
          "instance": null,
          "key": undefined,
          "nodeType": "host",
          "props": Object {
            "children": Array [
              "on ",
              "2018-04-22",
            ],
            "className": "phase-date",
          },
          "ref": null,
          "rendered": Array [
            "on ",
            "2018-04-22",
          ],
          "type": "p",
        },
      ],
      "type": "div",
    },
  ],
  Symbol(enzyme.__options__): Object {
    "adapter": ReactSixteenAdapter {
      "options": Object {
        "enableComponentDidUpdateOnSetState": true,
      },
    },
  },
}
`;
