// Jest Snapshot v1, https://goo.gl/fbAQLP

exports[`Cookie should match the snapshot 1`] = `
ShallowWrapper {
  "length": 1,
  Symbol(enzyme.__root__): [Circular],
  Symbol(enzyme.__unrendered__): <Cookie
    jar={
        Array [
            Object {
              "id": "5280",
              "message": "Mankind is unkind, man",
            },
            Object {
              "id": "1234",
              "message": "Godluck and Goodspeed!",
            },
          ]
    }
    keepInJar={[Function]}
    wisdoms={
        Array [
            Object {
              "id": "5280",
              "message": "Mankind is unkind, man..",
            },
            Object {
              "id": "1234",
              "message": "Godluck and Goodspeeeed!",
            },
          ]
    }
/>,
  Symbol(enzyme.__renderer__): Object {
    "batchedUpdates": [Function],
    "getNode": [Function],
    "render": [Function],
    "simulateEvent": [Function],
    "unmount": [Function],
  },
  Symbol(enzyme.__node__): Object {
    "instance": null,
    "key": undefined,
    "nodeType": "host",
    "props": Object {
      "children": Array [
        <div
          className="btn-shelf"
>
          <NavLink
                    activeClassName="active"
                    ariaCurrent="true"
                    id="jar"
                    to="/jar"
          >
                    <div
                              className="jar-o-wisdoms"
                    >
                              <img
                                        alt="Revisit a jar of wisdoms"
                                        className="wisdom-jar"
                                        src="wisdom-jar.png"
                              />
                              <p
                                        className="btn-txt"
                              >
                                        (2)
                                                        Wisdom in Jar
                              </p>
                    </div>
          </NavLink>
          <NavLink
                    activeClassName="active"
                    ariaCurrent="true"
                    id="moons"
                    to="/moons"
          >
                    <div
                              className="see-the-moon"
                    >
                              <img
                                        alt="A half eaten mooncake"
                                        className="moon-cake"
                                        src="mooncake.png"
                              />
                              <p
                                        className="btn-txt"
                              >
                                        See Moonphases
                              </p>
                    </div>
          </NavLink>
</div>,
        <div
          className="cookie-container"
>
          <img
                    alt="left piece of cookie"
                    className="left-cookie "
                    onClick={[Function]}
                    src="left-cookie.png"
          />
          <img
                    alt="right piece of cookie"
                    className="right-cookie "
                    onClick={[Function]}
                    src="right-cookie.png"
          />
</div>,
        false,
      ],
      "className": "Cookie",
    },
    "ref": null,
    "rendered": Array [
      Object {
        "instance": null,
        "key": undefined,
        "nodeType": "host",
        "props": Object {
          "children": Array [
            <NavLink
              activeClassName="active"
              ariaCurrent="true"
              id="jar"
              to="/jar"
>
              <div
                            className="jar-o-wisdoms"
              >
                            <img
                                          alt="Revisit a jar of wisdoms"
                                          className="wisdom-jar"
                                          src="wisdom-jar.png"
                            />
                            <p
                                          className="btn-txt"
                            >
                                          (2)
                                                          Wisdom in Jar
                            </p>
              </div>
</NavLink>,
            <NavLink
              activeClassName="active"
              ariaCurrent="true"
              id="moons"
              to="/moons"
>
              <div
                            className="see-the-moon"
              >
                            <img
                                          alt="A half eaten mooncake"
                                          className="moon-cake"
                                          src="mooncake.png"
                            />
                            <p
                                          className="btn-txt"
                            >
                                          See Moonphases
                            </p>
              </div>
</NavLink>,
            false,
          ],
          "className": "btn-shelf",
        },
        "ref": null,
        "rendered": Array [
          Object {
            "instance": null,
            "key": undefined,
            "nodeType": "function",
            "props": Object {
              "activeClassName": "active",
              "ariaCurrent": "true",
              "children": <div
                className="jar-o-wisdoms"
>
                <img
                                alt="Revisit a jar of wisdoms"
                                className="wisdom-jar"
                                src="wisdom-jar.png"
                />
                <p
                                className="btn-txt"
                >
                                (2)
                                                Wisdom in Jar
                </p>
</div>,
              "id": "jar",
              "to": "/jar",
            },
            "ref": null,
            "rendered": Object {
              "instance": null,
              "key": undefined,
              "nodeType": "host",
              "props": Object {
                "children": Array [
                  <img
                    alt="Revisit a jar of wisdoms"
                    className="wisdom-jar"
                    src="wisdom-jar.png"
/>,
                  <p
                    className="btn-txt"
>
                    (2)
                                    Wisdom in Jar
</p>,
                ],
                "className": "jar-o-wisdoms",
              },
              "ref": null,
              "rendered": Array [
                Object {
                  "instance": null,
                  "key": undefined,
                  "nodeType": "host",
                  "props": Object {
                    "alt": "Revisit a jar of wisdoms",
                    "className": "wisdom-jar",
                    "src": "wisdom-jar.png",
                  },
                  "ref": null,
                  "rendered": null,
                  "type": "img",
                },
                Object {
                  "instance": null,
                  "key": undefined,
                  "nodeType": "host",
                  "props": Object {
                    "children": "(2)
                Wisdom in Jar",
                    "className": "btn-txt",
                  },
                  "ref": null,
                  "rendered": "(2)
                Wisdom in Jar",
                  "type": "p",
                },
              ],
              "type": "div",
            },
            "type": [Function],
          },
          Object {
            "instance": null,
            "key": undefined,
            "nodeType": "function",
            "props": Object {
              "activeClassName": "active",
              "ariaCurrent": "true",
              "children": <div
                className="see-the-moon"
>
                <img
                                alt="A half eaten mooncake"
                                className="moon-cake"
                                src="mooncake.png"
                />
                <p
                                className="btn-txt"
                >
                                See Moonphases
                </p>
</div>,
              "id": "moons",
              "to": "/moons",
            },
            "ref": null,
            "rendered": Object {
              "instance": null,
              "key": undefined,
              "nodeType": "host",
              "props": Object {
                "children": Array [
                  <img
                    alt="A half eaten mooncake"
                    className="moon-cake"
                    src="mooncake.png"
/>,
                  <p
                    className="btn-txt"
>
                    See Moonphases
</p>,
                ],
                "className": "see-the-moon",
              },
              "ref": null,
              "rendered": Array [
                Object {
                  "instance": null,
                  "key": undefined,
                  "nodeType": "host",
                  "props": Object {
                    "alt": "A half eaten mooncake",
                    "className": "moon-cake",
                    "src": "mooncake.png",
                  },
                  "ref": null,
                  "rendered": null,
                  "type": "img",
                },
                Object {
                  "instance": null,
                  "key": undefined,
                  "nodeType": "host",
                  "props": Object {
                    "children": "See Moonphases",
                    "className": "btn-txt",
                  },
                  "ref": null,
                  "rendered": "See Moonphases",
                  "type": "p",
                },
              ],
              "type": "div",
            },
            "type": [Function],
          },
          false,
        ],
        "type": "div",
      },
      Object {
        "instance": null,
        "key": undefined,
        "nodeType": "host",
        "props": Object {
          "children": Array [
            <img
              alt="left piece of cookie"
              className="left-cookie "
              onClick={[Function]}
              src="left-cookie.png"
/>,
            <img
              alt="right piece of cookie"
              className="right-cookie "
              onClick={[Function]}
              src="right-cookie.png"
/>,
          ],
          "className": "cookie-container",
        },
        "ref": null,
        "rendered": Array [
          Object {
            "instance": null,
            "key": undefined,
            "nodeType": "host",
            "props": Object {
              "alt": "left piece of cookie",
              "className": "left-cookie ",
              "onClick": [Function],
              "src": "left-cookie.png",
            },
            "ref": null,
            "rendered": null,
            "type": "img",
          },
          Object {
            "instance": null,
            "key": undefined,
            "nodeType": "host",
            "props": Object {
              "alt": "right piece of cookie",
              "className": "right-cookie ",
              "onClick": [Function],
              "src": "right-cookie.png",
            },
            "ref": null,
            "rendered": null,
            "type": "img",
          },
        ],
        "type": "div",
      },
      false,
    ],
    "type": "div",
  },
  Symbol(enzyme.__nodes__): Array [
    Object {
      "instance": null,
      "key": undefined,
      "nodeType": "host",
      "props": Object {
        "children": Array [
          <div
            className="btn-shelf"
>
            <NavLink
                        activeClassName="active"
                        ariaCurrent="true"
                        id="jar"
                        to="/jar"
            >
                        <div
                                    className="jar-o-wisdoms"
                        >
                                    <img
                                                alt="Revisit a jar of wisdoms"
                                                className="wisdom-jar"
                                                src="wisdom-jar.png"
                                    />
                                    <p
                                                className="btn-txt"
                                    >
                                                (2)
                                                                Wisdom in Jar
                                    </p>
                        </div>
            </NavLink>
            <NavLink
                        activeClassName="active"
                        ariaCurrent="true"
                        id="moons"
                        to="/moons"
            >
                        <div
                                    className="see-the-moon"
                        >
                                    <img
                                                alt="A half eaten mooncake"
                                                className="moon-cake"
                                                src="mooncake.png"
                                    />
                                    <p
                                                className="btn-txt"
                                    >
                                                See Moonphases
                                    </p>
                        </div>
            </NavLink>
</div>,
          <div
            className="cookie-container"
>
            <img
                        alt="left piece of cookie"
                        className="left-cookie "
                        onClick={[Function]}
                        src="left-cookie.png"
            />
            <img
                        alt="right piece of cookie"
                        className="right-cookie "
                        onClick={[Function]}
                        src="right-cookie.png"
            />
</div>,
          false,
        ],
        "className": "Cookie",
      },
      "ref": null,
      "rendered": Array [
        Object {
          "instance": null,
          "key": undefined,
          "nodeType": "host",
          "props": Object {
            "children": Array [
              <NavLink
                activeClassName="active"
                ariaCurrent="true"
                id="jar"
                to="/jar"
>
                <div
                                className="jar-o-wisdoms"
                >
                                <img
                                                alt="Revisit a jar of wisdoms"
                                                className="wisdom-jar"
                                                src="wisdom-jar.png"
                                />
                                <p
                                                className="btn-txt"
                                >
                                                (2)
                                                                Wisdom in Jar
                                </p>
                </div>
</NavLink>,
              <NavLink
                activeClassName="active"
                ariaCurrent="true"
                id="moons"
                to="/moons"
>
                <div
                                className="see-the-moon"
                >
                                <img
                                                alt="A half eaten mooncake"
                                                className="moon-cake"
                                                src="mooncake.png"
                                />
                                <p
                                                className="btn-txt"
                                >
                                                See Moonphases
                                </p>
                </div>
</NavLink>,
              false,
            ],
            "className": "btn-shelf",
          },
          "ref": null,
          "rendered": Array [
            Object {
              "instance": null,
              "key": undefined,
              "nodeType": "function",
              "props": Object {
                "activeClassName": "active",
                "ariaCurrent": "true",
                "children": <div
                  className="jar-o-wisdoms"
>
                  <img
                                    alt="Revisit a jar of wisdoms"
                                    className="wisdom-jar"
                                    src="wisdom-jar.png"
                  />
                  <p
                                    className="btn-txt"
                  >
                                    (2)
                                                    Wisdom in Jar
                  </p>
</div>,
                "id": "jar",
                "to": "/jar",
              },
              "ref": null,
              "rendered": Object {
                "instance": null,
                "key": undefined,
                "nodeType": "host",
                "props": Object {
                  "children": Array [
                    <img
                      alt="Revisit a jar of wisdoms"
                      className="wisdom-jar"
                      src="wisdom-jar.png"
/>,
                    <p
                      className="btn-txt"
>
                      (2)
                                      Wisdom in Jar
</p>,
                  ],
                  "className": "jar-o-wisdoms",
                },
                "ref": null,
                "rendered": Array [
                  Object {
                    "instance": null,
                    "key": undefined,
                    "nodeType": "host",
                    "props": Object {
                      "alt": "Revisit a jar of wisdoms",
                      "className": "wisdom-jar",
                      "src": "wisdom-jar.png",
                    },
                    "ref": null,
                    "rendered": null,
                    "type": "img",
                  },
                  Object {
                    "instance": null,
                    "key": undefined,
                    "nodeType": "host",
                    "props": Object {
                      "children": "(2)
                Wisdom in Jar",
                      "className": "btn-txt",
                    },
                    "ref": null,
                    "rendered": "(2)
                Wisdom in Jar",
                    "type": "p",
                  },
                ],
                "type": "div",
              },
              "type": [Function],
            },
            Object {
              "instance": null,
              "key": undefined,
              "nodeType": "function",
              "props": Object {
                "activeClassName": "active",
                "ariaCurrent": "true",
                "children": <div
                  className="see-the-moon"
>
                  <img
                                    alt="A half eaten mooncake"
                                    className="moon-cake"
                                    src="mooncake.png"
                  />
                  <p
                                    className="btn-txt"
                  >
                                    See Moonphases
                  </p>
</div>,
                "id": "moons",
                "to": "/moons",
              },
              "ref": null,
              "rendered": Object {
                "instance": null,
                "key": undefined,
                "nodeType": "host",
                "props": Object {
                  "children": Array [
                    <img
                      alt="A half eaten mooncake"
                      className="moon-cake"
                      src="mooncake.png"
/>,
                    <p
                      className="btn-txt"
>
                      See Moonphases
</p>,
                  ],
                  "className": "see-the-moon",
                },
                "ref": null,
                "rendered": Array [
                  Object {
                    "instance": null,
                    "key": undefined,
                    "nodeType": "host",
                    "props": Object {
                      "alt": "A half eaten mooncake",
                      "className": "moon-cake",
                      "src": "mooncake.png",
                    },
                    "ref": null,
                    "rendered": null,
                    "type": "img",
                  },
                  Object {
                    "instance": null,
                    "key": undefined,
                    "nodeType": "host",
                    "props": Object {
                      "children": "See Moonphases",
                      "className": "btn-txt",
                    },
                    "ref": null,
                    "rendered": "See Moonphases",
                    "type": "p",
                  },
                ],
                "type": "div",
              },
              "type": [Function],
            },
            false,
          ],
          "type": "div",
        },
        Object {
          "instance": null,
          "key": undefined,
          "nodeType": "host",
          "props": Object {
            "children": Array [
              <img
                alt="left piece of cookie"
                className="left-cookie "
                onClick={[Function]}
                src="left-cookie.png"
/>,
              <img
                alt="right piece of cookie"
                className="right-cookie "
                onClick={[Function]}
                src="right-cookie.png"
/>,
            ],
            "className": "cookie-container",
          },
          "ref": null,
          "rendered": Array [
            Object {
              "instance": null,
              "key": undefined,
              "nodeType": "host",
              "props": Object {
                "alt": "left piece of cookie",
                "className": "left-cookie ",
                "onClick": [Function],
                "src": "left-cookie.png",
              },
              "ref": null,
              "rendered": null,
              "type": "img",
            },
            Object {
              "instance": null,
              "key": undefined,
              "nodeType": "host",
              "props": Object {
                "alt": "right piece of cookie",
                "className": "right-cookie ",
                "onClick": [Function],
                "src": "right-cookie.png",
              },
              "ref": null,
              "rendered": null,
              "type": "img",
            },
          ],
          "type": "div",
        },
        false,
      ],
      "type": "div",
    },
  ],
  Symbol(enzyme.__options__): Object {
    "adapter": ReactSixteenAdapter {
      "options": Object {
        "enableComponentDidUpdateOnSetState": true,
      },
    },
  },
}
`;
